Microchip MPLAB XC8 Compiler V2.32

Linker command line:

-W-3 --edf=C:\Program Files\Microchip\xc8\v2.32\pic\dat\en_msgs.txt -cn \
  -h+dist/default/production\Projeto.X.production.sym \
  --cmf=dist/default/production\Projeto.X.production.cmf -z -Q18F4520 \
  -oC:\Users\USUARIO\AppData\Local\Temp\xcAs35g.5 --defsym=__MPLAB_BUILD=1 \
  -Mdist/default/production/Projeto.X.production.map -E1 -ver=XC8 Compiler \
  --acfsm=1493 -ASTACK=080h-05FFh -pstack=STACK -ACODE=00h-07FFFh \
  -ACONST=00h-07FFFh -ASMALLCONST=0600h-06FFhx122 \
  -AMEDIUMCONST=0600h-07FFFh -ACOMRAM=01h-07Fh -AABS1=00h-05FFh \
  -ABIGRAM=01h-05FFh -ARAM=080h-0FFh,0100h-01FFhx5 -ABANK0=080h-0FFh \
  -ABANK1=0100h-01FFh -ABANK2=0200h-02FFh -ABANK3=0300h-03FFh \
  -ABANK4=0400h-04FFh -ABANK5=0500h-05FFh -ASFR=0F80h-0FFFh \
  -ACONFIG=0300000h-030000Dh -AIDLOC=0200000h-0200007h \
  -AEEDATA=0F00000h-0F000FFh -peeprom_data=EEDATA \
  -preset_vec=00h,intcode,intcodelo,powerup,init -pramtop=0600h \
  -psmallconst=SMALLCONST -pmediumconst=MEDIUMCONST -pconst=CONST \
  -AFARRAM=00h-00h \
  -prdata=COMRAM,nvrram=COMRAM,nvbit=COMRAM,rbss=COMRAM,rbit=COMRAM \
  -pfarbss=FARRAM,fardata=FARRAM,nvFARRAM=FARRAM \
  -pintsave_regs=BIGRAM,bigbss=BIGRAM,bigdata=BIGRAM -pbss=RAM \
  -pidata=CODE,irdata=CODE,ibigdata=CODE,ifardata=CODE -prparam=COMRAM \
  C:\Users\USUARIO\AppData\Local\Temp\xcAs35g.o \
  dist/default/production\Projeto.X.production.o 

Object code version is 3.11

Machine type is 18F4520



                Name                               Link     Load   Length Selector   Space Scale
C:\Users\USUARIO\AppData\Local\Temp\xcAs35g.o
                idloc                            200000   200000        8        0       5
                config                           300000   300000        E        0       4
                init                                  0        0        4        0       0
dist/default/production\Projeto.X.production.o
                idloc                            200000   200000        8        0       5
                config                           300000   300000        E        0       4
                text27                             70C6     70C6       A4     3863       0
                text26                             703E     703E       88     381F       0
                text25                             6CA0     6CA0       6A     3650       0
                text24                             6B64     6B64       18     35B2       0
                text23                             763A     763A      24E     3B1D       0
                text22                             6C4C     6C4C       54     3626       0
                text21                             6B7C     6B7C       1C     35BE       0
                text20                             6FC0     6FC0       7E     37E0       0
                text19                             7888     7888      24E     3C44       0
                text18                             6E54     6E54       78     372A       0
                text17                             6D0A     6D0A       6A     3685       0
                text16                             7372     7372      14E     39B9       0
                text15                             716A     716A       FC     38B5       0
                text14                             6C0E     6C0E       3E     3607       0
                text13                             6B22     6B22        8     3591       0
                text12                             6BE4     6BE4       2A     35F2       0
                text11                             6ECC     6ECC       7A     3766       0
                text10                             74C0     74C0      17A     3A60       0
                text9                              6B2A     6B2A        A     3595       0
                text8                              6B34     6B34        A     359A       0
                text7                              7266     7266      10C     3933       0
                text6                              6B98     6B98       26     35CC       0
                text5                              6B50     6B50       14     35A8       0
                text4                              6DE0     6DE0       74     36F0       0
                text3                              6BBE     6BBE       26     35DF       0
                text2                              6D74     6D74       6C     36BA       0
                text1                              6F46     6F46       7A     37A3       0
                text0                              7AD6     7AD6      52A     3D6B       0
                cstackCOMRAM                          1        1       2F        1       1
                bssCOMRAM                            30       30        7        1       1
                cinit                              6B3E     6B3E       12     359F       0

TOTAL           Name                               Link     Load   Length     Space
        CLASS   STACK          

        CLASS   CODE           
                init                                  0        0        4         0
                text27                             70C6     70C6       A4         0
                text26                             703E     703E       88         0
                text25                             6CA0     6CA0       6A         0
                text24                             6B64     6B64       18         0
                text23                             763A     763A      24E         0
                text22                             6C4C     6C4C       54         0
                text21                             6B7C     6B7C       1C         0
                text20                             6FC0     6FC0       7E         0
                text19                             7888     7888      24E         0
                text18                             6E54     6E54       78         0
                text17                             6D0A     6D0A       6A         0
                text16                             7372     7372      14E         0
                text15                             716A     716A       FC         0
                text14                             6C0E     6C0E       3E         0
                text13                             6B22     6B22        8         0
                text12                             6BE4     6BE4       2A         0
                text11                             6ECC     6ECC       7A         0
                text10                             74C0     74C0      17A         0
                text9                              6B2A     6B2A        A         0
                text8                              6B34     6B34        A         0
                text7                              7266     7266      10C         0
                text6                              6B98     6B98       26         0
                text5                              6B50     6B50       14         0
                text4                              6DE0     6DE0       74         0
                text3                              6BBE     6BBE       26         0
                text2                              6D74     6D74       6C         0
                text1                              6F46     6F46       7A         0
                text0                              7AD6     7AD6      52A         0
                cinit                              6B3E     6B3E       12         0

        CLASS   CONST          

        CLASS   SMALLCONST     

        CLASS   MEDIUMCONST    

        CLASS   COMRAM         
                cstackCOMRAM                          1        1       2F         1
                bssCOMRAM                            30       30        7         1

        CLASS   ABS1           

        CLASS   BIGRAM         

        CLASS   RAM            

        CLASS   BANK0          

        CLASS   BANK1          

        CLASS   BANK2          

        CLASS   BANK3          

        CLASS   BANK4          

        CLASS   BANK5          

        CLASS   SFR            

        CLASS   CONFIG         
                config                           300000   300000        E         4

        CLASS   IDLOC          
                idloc                            200000   200000        8         5

        CLASS   EEDATA         

        CLASS   FARRAM         



SEGMENTS        Name                           Load    Length   Top    Selector   Space  Class

                reset_vec                      000000  000004  000004         0       0  CODE    
                cstackCOMRAM                   000001  000036  000037         1       1  COMRAM  
                text13                         006B22  000008  006B2A      3591       0  CODE    
                text9                          006B2A  00000A  006B34      3595       0  CODE    
                text8                          006B34  00000A  006B3E      359A       0  CODE    
                cinit                          006B3E  000012  006B50      359F       0  CODE    
                text5                          006B50  000014  006B64      35A8       0  CODE    
                text24                         006B64  000018  006B7C      35B2       0  CODE    
                text21                         006B7C  00001C  006B98      35BE       0  CODE    
                text6                          006B98  000026  006BBE      35CC       0  CODE    
                text3                          006BBE  000026  006BE4      35DF       0  CODE    
                text12                         006BE4  00002A  006C0E      35F2       0  CODE    
                text14                         006C0E  00003E  006C4C      3607       0  CODE    
                text22                         006C4C  000054  006CA0      3626       0  CODE    
                text25                         006CA0  00006A  006D0A      3650       0  CODE    
                text17                         006D0A  00006A  006D74      3685       0  CODE    
                text2                          006D74  00006C  006DE0      36BA       0  CODE    
                text4                          006DE0  000074  006E54      36F0       0  CODE    
                text18                         006E54  000078  006ECC      372A       0  CODE    
                text11                         006ECC  00007A  006F46      3766       0  CODE    
                text1                          006F46  00007A  006FC0      37A3       0  CODE    
                text20                         006FC0  00007E  00703E      37E0       0  CODE    
                text26                         00703E  000088  0070C6      381F       0  CODE    
                text27                         0070C6  0000A4  00716A      3863       0  CODE    
                text15                         00716A  0000FC  007266      38B5       0  CODE    
                text7                          007266  00010C  007372      3933       0  CODE    
                text16                         007372  00014E  0074C0      39B9       0  CODE    
                text10                         0074C0  00017A  00763A      3A60       0  CODE    
                text23                         00763A  00024E  007888      3B1D       0  CODE    
                text19                         007888  00024E  007AD6      3C44       0  CODE    
                text0                          007AD6  00052A  008000      3D6B       0  CODE    


UNUSED ADDRESS RANGES

        Name                Unused          Largest block    Delta
        BANK0            000080-0000FF               80
        BANK1            000100-0001FF              100
        BANK2            000200-0002FF              100
        BANK3            000300-0003FF              100
        BANK4            000400-0004FF              100
        BANK5            000500-0005FF              100
        BIGRAM           000037-0005FF              5C9
        CODE             000004-006B21             6B1E
        COMRAM           000037-00007F               49
        CONST            000004-006B21             6B1E
        EEDATA           F00000-F000FF              100
        MEDIUMCONST      000600-006B21             6522
        RAM              000080-0005FF              100
        SFR              000F80-000FFF               80
        SMALLCONST       000600-006B21              100
        STACK            000080-0005FF              580

                                  Symbol Table

?___aldiv                cstackCOMRAM 000001
?___lldiv                cstackCOMRAM 000001
?___llmod                cstackCOMRAM 00000E
?___lmul                 cstackCOMRAM 000001
?___lwdiv                cstackCOMRAM 000001
?___wmul                 cstackCOMRAM 000001
?_kpRead                 cstackCOMRAM 000001
Delay2ms@i               cstackCOMRAM 000002
Delay40us@i              cstackCOMRAM 000001
_Delay2ms                text21       006B7C
_Delay40us               text24       006B64
_PORTA                   (abs)        000F80
_PORTB                   (abs)        000F81
_PORTC                   (abs)        000F82
_PORTD                   (abs)        000F83
_PORTE                   (abs)        000F84
_PORTEbits               (abs)        000F84
_TRISA                   (abs)        000F92
_TRISB                   (abs)        000F93
_TRISC                   (abs)        000F94
_TRISD                   (abs)        000F95
_TRISE                   (abs)        000F96
__HRAM                   (abs)        000000
__Habs1                  abs1         000000
__Hbank0                 bank0        000000
__Hbank1                 bank1        000000
__Hbank2                 bank2        000000
__Hbank3                 bank3        000000
__Hbank4                 bank4        000000
__Hbank5                 bank5        000000
__Hbigbss                bigbss       000000
__Hbigdata               bigdata      000000
__Hbigram                bigram       000000
__Hbss                   bss          000000
__HbssCOMRAM             bssCOMRAM    000000
__Hcinit                 cinit        000000
__Hclrtext               clrtext      000000
__Hcomram                comram       000000
__Hconfig                config       30000E
__Hconst                 const        000000
__HcstackCOMRAM          cstackCOMRAM 000000
__Hdata                  data         000000
__Heeprom_data           eeprom_data  000000
__Hfarbss                farbss       000000
__Hfardata               fardata      000000
__Hibigdata              ibigdata     000000
__Hidata                 idata        000000
__Hidloc                 idloc        200008
__Hifardata              ifardata     000000
__Hinit                  init         000004
__Hintcode               intcode      000000
__Hintcode_body          intcode_body 000000
__Hintcodelo             intcodelo    000000
__Hintentry              intentry     000000
__Hintret                intret       000000
__Hintsave_regs          intsave_regs 000000
__Hirdata                irdata       000000
__Hmediumconst           mediumconst  000000
__HnvFARRAM              nvFARRAM     000000
__Hnvbit                 nvbit        000000
__Hnvrram                nvrram       000000
__Hparam                 rparam       000000
__Hpowerup               powerup      000000
__Hram                   ram          000000
__Hramtop                ramtop       000600
__Hrbit                  rbit         000000
__Hrbss                  rbss         000000
__Hrdata                 rdata        000000
__Hreset_vec             reset_vec    000000
__Hrparam                rparam       000000
__Hsfr                   sfr          000000
__Hsmallconst            smallconst   000000
__Hspace_0               (abs)        008000
__Hspace_1               (abs)        000037
__Hspace_2               (abs)        000000
__Hspace_4               (abs)        60000E
__Hstack                 stack        000000
__Hstruct                struct       000000
__Htemp                  temp         000000
__Htext                  text         000000
__Htext0                 text0        000000
__Htext1                 text1        000000
__Htext10                text10       000000
__Htext11                text11       000000
__Htext12                text12       000000
__Htext13                text13       000000
__Htext14                text14       000000
__Htext15                text15       000000
__Htext16                text16       000000
__Htext17                text17       000000
__Htext18                text18       000000
__Htext19                text19       000000
__Htext2                 text2        000000
__Htext20                text20       000000
__Htext21                text21       000000
__Htext22                text22       000000
__Htext23                text23       000000
__Htext24                text24       000000
__Htext25                text25       000000
__Htext26                text26       000000
__Htext27                text27       000000
__Htext3                 text3        000000
__Htext4                 text4        000000
__Htext5                 text5        000000
__Htext6                 text6        000000
__Htext7                 text7        000000
__Htext8                 text8        000000
__Htext9                 text9        000000
__LRAM                   (abs)        000001
__Labs1                  abs1         000000
__Lbank0                 bank0        000000
__Lbank1                 bank1        000000
__Lbank2                 bank2        000000
__Lbank3                 bank3        000000
__Lbank4                 bank4        000000
__Lbank5                 bank5        000000
__Lbigbss                bigbss       000000
__Lbigdata               bigdata      000000
__Lbigram                bigram       000000
__Lbss                   bss          000000
__LbssCOMRAM             bssCOMRAM    000000
__Lcinit                 cinit        000000
__Lclrtext               clrtext      000000
__Lcomram                comram       000000
__Lconfig                config       000000
__Lconst                 const        000000
__LcstackCOMRAM          cstackCOMRAM 000000
__Ldata                  data         000000
__Leeprom_data           eeprom_data  000000
__Lfarbss                farbss       000000
__Lfardata               fardata      000000
__Libigdata              ibigdata     000000
__Lidata                 idata        000000
__Lidloc                 idloc        000000
__Lifardata              ifardata     000000
__Linit                  init         000000
__Lintcode               intcode      000000
__Lintcode_body          intcode_body 000000
__Lintcodelo             intcodelo    000000
__Lintentry              intentry     000000
__Lintret                intret       000000
__Lintsave_regs          intsave_regs 000000
__Lirdata                irdata       000000
__Lmediumconst           mediumconst  000000
__LnvFARRAM              nvFARRAM     000000
__Lnvbit                 nvbit        000000
__Lnvrram                nvrram       000000
__Lparam                 rparam       000000
__Lpowerup               powerup      000000
__Lram                   ram          000000
__Lramtop                ramtop       000600
__Lrbit                  rbit         000000
__Lrbss                  rbss         000000
__Lrdata                 rdata        000000
__Lreset_vec             reset_vec    000000
__Lrparam                rparam       000000
__Lsfr                   sfr          000000
__Lsmallconst            smallconst   000000
__Lspace_0               (abs)        000000
__Lspace_1               (abs)        000000
__Lspace_2               (abs)        000000
__Lspace_4               (abs)        000000
__Lstack                 stack        000000
__Lstruct                struct       000000
__Ltemp                  temp         000000
__Ltext                  text         000000
__Ltext0                 text0        000000
__Ltext1                 text1        000000
__Ltext10                text10       000000
__Ltext11                text11       000000
__Ltext12                text12       000000
__Ltext13                text13       000000
__Ltext14                text14       000000
__Ltext15                text15       000000
__Ltext16                text16       000000
__Ltext17                text17       000000
__Ltext18                text18       000000
__Ltext19                text19       000000
__Ltext2                 text2        000000
__Ltext20                text20       000000
__Ltext21                text21       000000
__Ltext22                text22       000000
__Ltext23                text23       000000
__Ltext24                text24       000000
__Ltext25                text25       000000
__Ltext26                text26       000000
__Ltext27                text27       000000
__Ltext3                 text3        000000
__Ltext4                 text4        000000
__Ltext5                 text5        000000
__Ltext6                 text6        000000
__Ltext7                 text7        000000
__Ltext8                 text8        000000
__Ltext9                 text9        000000
__S0                     (abs)        008000
__S1                     (abs)        000037
__S2                     (abs)        000000
__S4                     (abs)        000000
__S5                     (abs)        000000
___aldiv                 text7        007266
___aldiv@counter         cstackCOMRAM 000009
___aldiv@dividend        cstackCOMRAM 000001
___aldiv@divisor         cstackCOMRAM 000005
___aldiv@quotient        cstackCOMRAM 00000B
___aldiv@sign            cstackCOMRAM 00000A
___inthi_sp              stack        000000
___intlo_sp              stack        000000
___lldiv                 text27       0070C6
___lldiv@counter         cstackCOMRAM 00000D
___lldiv@dividend        cstackCOMRAM 000001
___lldiv@divisor         cstackCOMRAM 000005
___lldiv@quotient        cstackCOMRAM 000009
___llmod                 text26       00703E
___llmod@counter         cstackCOMRAM 000016
___llmod@dividend        cstackCOMRAM 00000E
___llmod@divisor         cstackCOMRAM 000012
___lmul                  text25       006CA0
___lmul@multiplicand     cstackCOMRAM 000005
___lmul@multiplier       cstackCOMRAM 000001
___lmul@product          cstackCOMRAM 000009
___lwdiv                 text4        006DE0
___lwdiv@counter         cstackCOMRAM 000007
___lwdiv@dividend        cstackCOMRAM 000001
___lwdiv@divisor         cstackCOMRAM 000003
___lwdiv@quotient        cstackCOMRAM 000005
___param_bank            (abs)        000000
___rparam_used           (abs)        000001
___sp                    stack        000000
___wmul                  text3        006BBE
___wmul@multiplicand     cstackCOMRAM 000003
___wmul@multiplier       cstackCOMRAM 000001
___wmul@product          cstackCOMRAM 000005
__accesstop              (abs)        000080
__activetblptr           (abs)        000000
__end_of_Delay2ms        text21       006B98
__end_of_Delay40us       text24       006B7C
__end_of___aldiv         text7        007372
__end_of___lldiv         text27       00716A
__end_of___llmod         text26       0070C6
__end_of___lmul          text25       006D0A
__end_of___lwdiv         text4        006E54
__end_of___wmul          text3        006BE4
__end_of__initialization cinit        006B4A
__end_of_atraso_ms       text14       006C4C
__end_of_digitalWrite    text23       007888
__end_of_impressao       text16       0074C0
__end_of_impressaoponto  text15       007266
__end_of_inicio          text11       006F46
__end_of_kpDebounce      text10       00763A
__end_of_kpInit          text9        006B34
__end_of_kpRead          text8        006B3E
__end_of_lcdCommand      text20       00703E
__end_of_lcdData         text22       006CA0
__end_of_lcdInit         text18       006ECC
__end_of_lcdPosition     text17       006D74
__end_of_lcd_cmd         text12       006C0E
__end_of_lcd_wr          text13       006B2A
__end_of_main            text0        008000
__end_of_pinMode         text19       007AD6
__end_of_pwmFrequency    text6        006BBE
__end_of_pwmInit         text5        006B64
__end_of_pwmSet1         text2        006DE0
__end_of_tempo           text1        006FC0
__initialization         cinit        006B3E
__mediumconst            mediumconst  000000
__pbssCOMRAM             bssCOMRAM    000030
__pcinit                 cinit        006B3E
__pcstackCOMRAM          cstackCOMRAM 000001
__ptext0                 text0        007AD6
__ptext1                 text1        006F46
__ptext10                text10       0074C0
__ptext11                text11       006ECC
__ptext12                text12       006BE4
__ptext13                text13       006B22
__ptext14                text14       006C0E
__ptext15                text15       00716A
__ptext16                text16       007372
__ptext17                text17       006D0A
__ptext18                text18       006E54
__ptext19                text19       007888
__ptext2                 text2        006D74
__ptext20                text20       006FC0
__ptext21                text21       006B7C
__ptext22                text22       006C4C
__ptext23                text23       00763A
__ptext24                text24       006B64
__ptext25                text25       006CA0
__ptext26                text26       00703E
__ptext27                text27       0070C6
__ptext3                 text3        006BBE
__ptext4                 text4        006DE0
__ptext5                 text5        006B50
__ptext6                 text6        006B98
__ptext7                 text7        007266
__ptext8                 text8        006B34
__ptext9                 text9        006B2A
__ramtop                 ramtop       000600
__size_of_Delay2ms       (abs)        000000
__size_of_Delay40us      (abs)        000000
__size_of___aldiv        (abs)        000000
__size_of___lldiv        (abs)        000000
__size_of___llmod        (abs)        000000
__size_of___lmul         (abs)        000000
__size_of___lwdiv        (abs)        000000
__size_of___wmul         (abs)        000000
__size_of_atraso_ms      (abs)        000000
__size_of_digitalWrite   (abs)        000000
__size_of_impressao      (abs)        000000
__size_of_impressaoponto (abs)        000000
__size_of_inicio         (abs)        000000
__size_of_kpDebounce     (abs)        000000
__size_of_kpInit         (abs)        000000
__size_of_kpRead         (abs)        000000
__size_of_lcdCommand     (abs)        000000
__size_of_lcdData        (abs)        000000
__size_of_lcdInit        (abs)        000000
__size_of_lcdPosition    (abs)        000000
__size_of_lcd_cmd        (abs)        000000
__size_of_lcd_wr         (abs)        000000
__size_of_main           (abs)        000000
__size_of_pinMode        (abs)        000000
__size_of_pwmFrequency   (abs)        000000
__size_of_pwmInit        (abs)        000000
__size_of_pwmSet1        (abs)        000000
__size_of_tempo          (abs)        000000
__smallconst             smallconst   000000
_atraso_ms               text14       006C0E
_digitalWrite            text23       00763A
_impressao               text16       007372
_impressaoponto          text15       00716A
_inicio                  text11       006ECC
_kpDebounce              text10       0074C0
_kpInit                  text9        006B2A
_kpRead                  text8        006B34
_lcdCommand              text20       006FC0
_lcdData                 text22       006C4C
_lcdInit                 text18       006E54
_lcdPosition             text17       006D0A
_lcd_cmd                 text12       006BE4
_lcd_wr                  text13       006B22
_main                    text0        007AD6
_main$981                cstackCOMRAM 000017
_pinMode                 text19       007888
_pwmFrequency            text6        006B98
_pwmInit                 text5        006B50
_pwmSet1                 text2        006D74
_tempo                   text1        006F46
_valor                   bssCOMRAM    000034
atraso_ms@i              cstackCOMRAM 000003
atraso_ms@j              cstackCOMRAM 000005
atraso_ms@valor          cstackCOMRAM 000001
digitalWrite@pin         cstackCOMRAM 000001
digitalWrite@value       cstackCOMRAM 000003
end_of_initialization    cinit        006B4A
intlevel0                text         000000
intlevel1                text         000000
intlevel2                text         000000
intlevel3                text         000000
isa$std                  (abs)        000001
isa$xinst                (abs)        000000
kpDebounce@i             cstackCOMRAM 00000A
kpDebounce@j             cstackCOMRAM 000009
kpDebounce@k             cstackCOMRAM 000007
kpDebounce@old_D         cstackCOMRAM 000006
kpDebounce@tempo         bssCOMRAM    000036
kpDebounce@valorAntigo   bssCOMRAM    000030
kpDebounce@valorNovo     bssCOMRAM    000032
lcdCommand@cmd           cstackCOMRAM 000008
lcdCommand@old_D         cstackCOMRAM 000007
lcdData@old_D            cstackCOMRAM 000008
lcdData@valor            cstackCOMRAM 000007
lcdPosition@coluna       cstackCOMRAM 000009
lcdPosition@comando      cstackCOMRAM 00000A
lcdPosition@linha        cstackCOMRAM 00000B
lcd_cmd@val              cstackCOMRAM 000006
lcd_wr@val               cstackCOMRAM 000001
main@aux                 cstackCOMRAM 00001B
main@cont                cstackCOMRAM 00002C
main@contipo             cstackCOMRAM 000022
main@contponto           cstackCOMRAM 00001E
main@i                   cstackCOMRAM 00001C
main@j                   cstackCOMRAM 00002B
main@k                   cstackCOMRAM 00001D
main@posicao             cstackCOMRAM 000026
main@tecla               cstackCOMRAM 000029
main@teclay              cstackCOMRAM 000027
pinMode@pin              cstackCOMRAM 000001
pinMode@type             cstackCOMRAM 000003
pwmFrequency@freq        cstackCOMRAM 00000F
pwmSet1@porcento         cstackCOMRAM 00000A
pwmSet1@val              cstackCOMRAM 00000B
stackhi                  (abs)        0005FF
stacklo                  (abs)        000080
start                    init         000000
start_initialization     cinit        006B3E
tempo@j                  cstackCOMRAM 000003
tempo@k                  cstackCOMRAM 000004
tempo@m                  cstackCOMRAM 000005
tempo@n                  cstackCOMRAM 000002
tempo@x                  cstackCOMRAM 000001


MODULE INFORMATION

Module		Function		Class		Link	Load	Size
delay.c
		_tempo         		CODE           	6F46	0000	122

delay.c estimated size: 122

C:\Program Files\Microchip\xc8\v2.32\pic\sources\c99\common\aldiv.c
		___aldiv       		CODE           	7266	0000	268

C:\Program Files\Microchip\xc8\v2.32\pic\sources\c99\common\aldiv.c estimated size: 268

keypad.c
		_kpInit        		CODE           	6B2A	0000	10
		_kpDebounce    		CODE           	74C0	0000	378
		_kpRead        		CODE           	6B34	0000	10

keypad.c estimated size: 398

io.c
		_digitalWrite  		CODE           	763A	0000	590
		_pinMode       		CODE           	7888	0000	590

io.c estimated size: 1180

pwm.c
		_pwmInit       		CODE           	6B50	0000	20
		_pwmSet1       		CODE           	6D74	0000	108
		_pwmFrequency  		CODE           	6B98	0000	38

pwm.c estimated size: 166

C:\Program Files\Microchip\xc8\v2.32\pic\sources\c99\common\Umul16.c
		___wmul        		CODE           	6BBE	0000	38

C:\Program Files\Microchip\xc8\v2.32\pic\sources\c99\common\Umul16.c estimated size: 38

atraso.c
		_atraso_ms     		CODE           	6C0E	0000	62

atraso.c estimated size: 62

C:\Program Files\Microchip\xc8\v2.32\pic\sources\c99\common\llmod.c
		___llmod       		CODE           	703E	0000	136

C:\Program Files\Microchip\xc8\v2.32\pic\sources\c99\common\llmod.c estimated size: 136

shared
		__initialization		CODE           	6B3E	0000	12

shared estimated size: 12

C:\Program Files\Microchip\xc8\v2.32\pic\sources\c99\common\lwdiv.c
		___lwdiv       		CODE           	6DE0	0000	116

C:\Program Files\Microchip\xc8\v2.32\pic\sources\c99\common\lwdiv.c estimated size: 116

C:\Program Files\Microchip\xc8\v2.32\pic\sources\c99\common\Umul32.c
		___lmul        		CODE           	6CA0	0000	106

C:\Program Files\Microchip\xc8\v2.32\pic\sources\c99\common\Umul32.c estimated size: 106

lcd.c
		_lcdCommand    		CODE           	6FC0	0000	126
		_lcd_cmd       		CODE           	6BE4	0000	42
		_lcdPosition   		CODE           	6D0A	0000	106
		_lcd_wr        		CODE           	6B22	0000	8
		_Delay40us     		CODE           	6B64	0000	24
		_lcdInit       		CODE           	6E54	0000	120
		_lcdData       		CODE           	6C4C	0000	84
		_Delay2ms      		CODE           	6B7C	0000	28

lcd.c estimated size: 538

C:\Program Files\Microchip\xc8\v2.32\pic\sources\c99\common\__lldiv.c
		___lldiv       		CODE           	70C6	0000	164

C:\Program Files\Microchip\xc8\v2.32\pic\sources\c99\common\__lldiv.c estimated size: 164

main.c
		_impressao     		CODE           	7372	0000	334
		_main          		CODE           	7AD6	0000	1322
		_impressaoponto		CODE           	716A	0000	252
		_inicio        		CODE           	6ECC	0000	122

main.c estimated size: 2030

